Archive member included to satisfy reference by file (symbol)

c:/ac6/systemworkbench/plugins/fr.ac6.mcu.externaltools.arm-none.win32_1.17.0.201812190825/tools/compiler/bin/../lib/gcc/arm-none-eabi/7.3.1/thumb/v6-m\libgcc.a(_udivsi3.o)
                              HAL_Driver/Src/stm32l0xx_hal.o (__aeabi_uidiv)
c:/ac6/systemworkbench/plugins/fr.ac6.mcu.externaltools.arm-none.win32_1.17.0.201812190825/tools/compiler/bin/../lib/gcc/arm-none-eabi/7.3.1/thumb/v6-m\libgcc.a(_divsi3.o)
                              src/main.o (__aeabi_idiv)
c:/ac6/systemworkbench/plugins/fr.ac6.mcu.externaltools.arm-none.win32_1.17.0.201812190825/tools/compiler/bin/../lib/gcc/arm-none-eabi/7.3.1/thumb/v6-m\libgcc.a(_dvmd_tls.o)
                              c:/ac6/systemworkbench/plugins/fr.ac6.mcu.externaltools.arm-none.win32_1.17.0.201812190825/tools/compiler/bin/../lib/gcc/arm-none-eabi/7.3.1/thumb/v6-m\libgcc.a(_udivsi3.o) (__aeabi_idiv0)
c:/ac6/systemworkbench/plugins/fr.ac6.mcu.externaltools.arm-none.win32_1.17.0.201812190825/tools/compiler/bin/../lib/gcc/arm-none-eabi/7.3.1/thumb/v6-m\libgcc.a(_aeabi_uldivmod.o)
                              HAL_Driver/Src/stm32l0xx_hal_uart.o (__aeabi_uldivmod)
c:/ac6/systemworkbench/plugins/fr.ac6.mcu.externaltools.arm-none.win32_1.17.0.201812190825/tools/compiler/bin/../lib/gcc/arm-none-eabi/7.3.1/thumb/v6-m\libgcc.a(_udivmoddi4.o)
                              c:/ac6/systemworkbench/plugins/fr.ac6.mcu.externaltools.arm-none.win32_1.17.0.201812190825/tools/compiler/bin/../lib/gcc/arm-none-eabi/7.3.1/thumb/v6-m\libgcc.a(_aeabi_uldivmod.o) (__udivmoddi4)
c:/ac6/systemworkbench/plugins/fr.ac6.mcu.externaltools.arm-none.win32_1.17.0.201812190825/tools/compiler/bin/../lib/gcc/arm-none-eabi/7.3.1/thumb/v6-m\libgcc.a(_clzdi2.o)
                              c:/ac6/systemworkbench/plugins/fr.ac6.mcu.externaltools.arm-none.win32_1.17.0.201812190825/tools/compiler/bin/../lib/gcc/arm-none-eabi/7.3.1/thumb/v6-m\libgcc.a(_udivmoddi4.o) (__clzdi2)
c:/ac6/systemworkbench/plugins/fr.ac6.mcu.externaltools.arm-none.win32_1.17.0.201812190825/tools/compiler/bin/../lib/gcc/arm-none-eabi/7.3.1/thumb/v6-m\libgcc.a(_clzsi2.o)
                              c:/ac6/systemworkbench/plugins/fr.ac6.mcu.externaltools.arm-none.win32_1.17.0.201812190825/tools/compiler/bin/../lib/gcc/arm-none-eabi/7.3.1/thumb/v6-m\libgcc.a(_clzdi2.o) (__clzsi2)
c:/ac6/systemworkbench/plugins/fr.ac6.mcu.externaltools.arm-none.win32_1.17.0.201812190825/tools/compiler/bin/../lib/gcc/arm-none-eabi/7.3.1/../../../../arm-none-eabi/lib/thumb/v6-m\libc.a(lib_a-errno.o)
                              src/syscalls.o (__errno)
c:/ac6/systemworkbench/plugins/fr.ac6.mcu.externaltools.arm-none.win32_1.17.0.201812190825/tools/compiler/bin/../lib/gcc/arm-none-eabi/7.3.1/../../../../arm-none-eabi/lib/thumb/v6-m\libc.a(lib_a-exit.o)
                              c:/ac6/systemworkbench/plugins/fr.ac6.mcu.externaltools.arm-none.win32_1.17.0.201812190825/tools/compiler/bin/../lib/gcc/arm-none-eabi/7.3.1/../../../../arm-none-eabi/lib/thumb/v6-m/crt0.o (exit)
c:/ac6/systemworkbench/plugins/fr.ac6.mcu.externaltools.arm-none.win32_1.17.0.201812190825/tools/compiler/bin/../lib/gcc/arm-none-eabi/7.3.1/../../../../arm-none-eabi/lib/thumb/v6-m\libc.a(lib_a-impure.o)
                              c:/ac6/systemworkbench/plugins/fr.ac6.mcu.externaltools.arm-none.win32_1.17.0.201812190825/tools/compiler/bin/../lib/gcc/arm-none-eabi/7.3.1/../../../../arm-none-eabi/lib/thumb/v6-m\libc.a(lib_a-exit.o) (_global_impure_ptr)
c:/ac6/systemworkbench/plugins/fr.ac6.mcu.externaltools.arm-none.win32_1.17.0.201812190825/tools/compiler/bin/../lib/gcc/arm-none-eabi/7.3.1/../../../../arm-none-eabi/lib/thumb/v6-m\libc.a(lib_a-init.o)
                              c:/ac6/systemworkbench/plugins/fr.ac6.mcu.externaltools.arm-none.win32_1.17.0.201812190825/tools/compiler/bin/../lib/gcc/arm-none-eabi/7.3.1/../../../../arm-none-eabi/lib/thumb/v6-m/crt0.o (__libc_init_array)
c:/ac6/systemworkbench/plugins/fr.ac6.mcu.externaltools.arm-none.win32_1.17.0.201812190825/tools/compiler/bin/../lib/gcc/arm-none-eabi/7.3.1/../../../../arm-none-eabi/lib/thumb/v6-m\libc.a(lib_a-memset.o)
                              c:/ac6/systemworkbench/plugins/fr.ac6.mcu.externaltools.arm-none.win32_1.17.0.201812190825/tools/compiler/bin/../lib/gcc/arm-none-eabi/7.3.1/../../../../arm-none-eabi/lib/thumb/v6-m/crt0.o (memset)
c:/ac6/systemworkbench/plugins/fr.ac6.mcu.externaltools.arm-none.win32_1.17.0.201812190825/tools/compiler/bin/../lib/gcc/arm-none-eabi/7.3.1/../../../../arm-none-eabi/lib/thumb/v6-m\libc.a(lib_a-strlen-stub.o)
                              src/main.o (strlen)
c:/ac6/systemworkbench/plugins/fr.ac6.mcu.externaltools.arm-none.win32_1.17.0.201812190825/tools/compiler/bin/../lib/gcc/arm-none-eabi/7.3.1/../../../../arm-none-eabi/lib/thumb/v6-m\libc.a(lib_a-__call_atexit.o)
[...]
Memory Configuration

Name             Origin             Length             Attributes
FLASH            0x08000000         0x00010000         xr
RAM              0x20000000         0x00002000         xrw
*default*        0x00000000         0xffffffff

Linker script and memory map

LOAD c:/ac6/systemworkbench/plugins/fr.ac6.mcu.externaltools.arm-none.win32_1.17.0.201812190825/tools/compiler/bin/../lib/gcc/arm-none-eabi/7.3.1/thumb/v6-m/crti.o
LOAD c:/ac6/systemworkbench/plugins/fr.ac6.mcu.externaltools.arm-none.win32_1.17.0.201812190825/tools/compiler/bin/../lib/gcc/arm-none-eabi/7.3.1/thumb/v6-m/crtbegin.o
LOAD c:/ac6/systemworkbench/plugins/fr.ac6.mcu.externaltools.arm-none.win32_1.17.0.201812190825/tools/compiler/bin/../lib/gcc/arm-none-eabi/7.3.1/../../../../arm-none-eabi/lib/thumb/v6-m/crt0.o
LOAD HAL_Driver/Src/stm32l0xx_hal.o
LOAD HAL_Driver/Src/stm32l0xx_hal_adc.o
LOAD HAL_Driver/Src/stm32l0xx_hal_adc_ex.o
LOAD HAL_Driver/Src/stm32l0xx_hal_comp.o
LOAD HAL_Driver/Src/stm32l0xx_hal_comp_ex.o
LOAD HAL_Driver/Src/stm32l0xx_hal_cortex.o
LOAD HAL_Driver/Src/stm32l0xx_hal_crc.o
LOAD HAL_Driver/Src/stm32l0xx_hal_crc_ex.o
LOAD HAL_Driver/Src/stm32l0xx_hal_cryp.o
LOAD HAL_Driver/Src/stm32l0xx_hal_cryp_ex.o
LOAD HAL_Driver/Src/stm32l0xx_hal_dac.o
LOAD HAL_Driver/Src/stm32l0xx_hal_dac_ex.o
LOAD HAL_Driver/Src/stm32l0xx_hal_dma.o
LOAD HAL_Driver/Src/stm32l0xx_hal_firewall.o
LOAD HAL_Driver/Src/stm32l0xx_hal_flash.o
LOAD HAL_Driver/Src/stm32l0xx_hal_flash_ex.o
LOAD HAL_Driver/Src/stm32l0xx_hal_flash_ramfunc.o
LOAD HAL_Driver/Src/stm32l0xx_hal_gpio.o
LOAD HAL_Driver/Src/stm32l0xx_hal_i2c.o
LOAD HAL_Driver/Src/stm32l0xx_hal_i2c_ex.o
LOAD HAL_Driver/Src/stm32l0xx_hal_i2s.o
LOAD HAL_Driver/Src/stm32l0xx_hal_irda.o
LOAD HAL_Driver/Src/stm32l0xx_hal_iwdg.o
LOAD HAL_Driver/Src/stm32l0xx_hal_lcd.o
LOAD HAL_Driver/Src/stm32l0xx_hal_lptim.o
LOAD HAL_Driver/Src/stm32l0xx_hal_msp_template.o
LOAD HAL_Driver/Src/stm32l0xx_hal_pcd.o
LOAD HAL_Driver/Src/stm32l0xx_hal_pcd_ex.o
LOAD HAL_Driver/Src/stm32l0xx_hal_pwr.o
LOAD HAL_Driver/Src/stm32l0xx_hal_pwr_ex.o
LOAD HAL_Driver/Src/stm32l0xx_hal_rcc.o
LOAD HAL_Driver/Src/stm32l0xx_hal_rcc_ex.o
LOAD HAL_Driver/Src/stm32l0xx_hal_rng.o
LOAD HAL_Driver/Src/stm32l0xx_hal_rtc.o
LOAD HAL_Driver/Src/stm32l0xx_hal_rtc_ex.o
LOAD HAL_Driver/Src/stm32l0xx_hal_smartcard.o
LOAD HAL_Driver/Src/stm32l0xx_hal_smartcard_ex.o
LOAD HAL_Driver/Src/stm32l0xx_hal_smbus.o
LOAD HAL_Driver/Src/stm32l0xx_hal_spi.o
LOAD HAL_Driver/Src/stm32l0xx_hal_tim.o
LOAD HAL_Driver/Src/stm32l0xx_hal_tim_ex.o
LOAD HAL_Driver/Src/stm32l0xx_hal_tsc.o
LOAD HAL_Driver/Src/stm32l0xx_hal_uart.o
LOAD HAL_Driver/Src/stm32l0xx_hal_uart_ex.o
LOAD HAL_Driver/Src/stm32l0xx_hal_usart.o
LOAD HAL_Driver/Src/stm32l0xx_hal_wwdg.o
LOAD HAL_Driver/Src/stm32l0xx_ll_adc.o
LOAD HAL_Driver/Src/stm32l0xx_ll_comp.o
LOAD HAL_Driver/Src/stm32l0xx_ll_crc.o
LOAD HAL_Driver/Src/stm32l0xx_ll_crs.o
LOAD HAL_Driver/Src/stm32l0xx_ll_dac.o
LOAD HAL_Driver/Src/stm32l0xx_ll_dma.o
LOAD HAL_Driver/Src/stm32l0xx_ll_exti.o
LOAD HAL_Driver/Src/stm32l0xx_ll_gpio.o
LOAD HAL_Driver/Src/stm32l0xx_ll_i2c.o
LOAD HAL_Driver/Src/stm32l0xx_ll_lptim.o
LOAD HAL_Driver/Src/stm32l0xx_ll_lpuart.o
LOAD HAL_Driver/Src/stm32l0xx_ll_pwr.o
LOAD HAL_Driver/Src/stm32l0xx_ll_rcc.o
LOAD HAL_Driver/Src/stm32l0xx_ll_rng.o
LOAD HAL_Driver/Src/stm32l0xx_ll_rtc.o
LOAD HAL_Driver/Src/stm32l0xx_ll_spi.o
LOAD HAL_Driver/Src/stm32l0xx_ll_tim.o
LOAD HAL_Driver/Src/stm32l0xx_ll_usart.o
LOAD HAL_Driver/Src/stm32l0xx_ll_usb.o
LOAD HAL_Driver/Src/stm32l0xx_ll_utils.o
LOAD Utilities/stm32l0xx_nucleo.o
LOAD src/main.o
LOAD src/stm32l0xx_it.o
LOAD src/syscalls.o
LOAD src/system_stm32l0xx.o
LOAD startup/startup_stm32l053xx.o
LOAD c:/ac6/systemworkbench/plugins/fr.ac6.mcu.externaltools.arm-none.win32_1.17.0.201812190825/tools/compiler/bin/../lib/gcc/arm-none-eabi/7.3.1/../../../../arm-none-eabi/lib/thumb/v6-m\libm.a
START GROUP
LOAD c:/ac6/systemworkbench/plugins/fr.ac6.mcu.externaltools.arm-none.win32_1.17.0.201812190825/tools/compiler/bin/../lib/gcc/arm-none-eabi/7.3.1/thumb/v6-m\libgcc.a
LOAD c:/ac6/systemworkbench/plugins/fr.ac6.mcu.externaltools.arm-none.win32_1.17.0.201812190825/tools/compiler/bin/../lib/gcc/arm-none-eabi/7.3.1/../../../../arm-none-eabi/lib/thumb/v6-m\libc.a
END GROUP
LOAD c:/ac6/systemworkbench/plugins/fr.ac6.mcu.externaltools.arm-none.win32_1.17.0.201812190825/tools/compiler/bin/../lib/gcc/arm-none-eabi/7.3.1/thumb/v6-m/crtend.o
LOAD c:/ac6/systemworkbench/plugins/fr.ac6.mcu.externaltools.arm-none.win32_1.17.0.201812190825/tools/compiler/bin/../lib/gcc/arm-none-eabi/7.3.1/thumb/v6-m/crtn.o
                0x20002000                _estack = 0x20002000
                0x00000200                _Min_Heap_Size = 0x200
                0x00000400                _Min_Stack_Size = 0x400

.isr_vector     0x08000000       0xc0
                0x08000000                . = ALIGN (0x4)
 *(.isr_vector)
 .isr_vector    0x08000000       0xc0 startup/startup_stm32l053xx.o
                0x08000000                g_pfnVectors
                0x080000c0                . = ALIGN (0x4)

.text           0x080000c0     0x1164
                0x080000c0                . = ALIGN (0x4)
 *(.text)
 .text          0x080000c0       0x48 c:/ac6/systemworkbench/plugins/fr.ac6.mcu.externaltools.arm-none.win32_1.17.0.201812190825/tools/compiler/bin/../lib/gcc/arm-none-eabi/7.3.1/thumb/v6-m/crtbegin.o
 .text          0x08000108      0x114 c:/ac6/systemworkbench/plugins/fr.ac6.mcu.externaltools.arm-none.win32_1.17.0.201812190825/tools/compiler/bin/../lib/gcc/arm-none-eabi/7.3.1/thumb/v6-m\libgcc.a(_udivsi3.o)
                0x08000108                __aeabi_uidiv
                0x08000108                __udivsi3
                0x08000214                __aeabi_uidivmod
 .text          0x0800021c      0x1d4 c:/ac6/systemworkbench/plugins/fr.ac6.mcu.externaltools.arm-none.win32_1.17.0.201812190825/tools/compiler/bin/../lib/gcc/arm-none-eabi/7.3.1/thumb/v6-m\libgcc.a(_divsi3.o)
                0x0800021c                __divsi3
                0x0800021c                __aeabi_idiv
                0x080003e8                __aeabi_idivmod
 .text          0x080003f0        0x4 c:/ac6/systemworkbench/plugins/fr.ac6.mcu.externaltools.arm-none.win32_1.17.0.201812190825/tools/compiler/bin/../lib/gcc/arm-none-eabi/7.3.1/thumb/v6-m\libgcc.a(_dvmd_tls.o)
                0x080003f0                __aeabi_idiv0
                0x080003f0                __aeabi_ldiv0
 *(.text*)
 .text.HAL_IncTick
                0x080003f4       0x18 HAL_Driver/Src/stm32l0xx_hal.o
                0x080003f4                HAL_IncTick
 .text.HAL_SYSTICK_IRQHandler
                0x0800040c        0xe HAL_Driver/Src/stm32l0xx_hal_cortex.o
                0x0800040c                HAL_SYSTICK_IRQHandler
 .text.HAL_SYSTICK_Callback
                0x0800041a        0xa HAL_Driver/Src/stm32l0xx_hal_cortex.o
                0x0800041a                HAL_SYSTICK_Callback
 .text.NVIC_EnableIRQ
                0x08000424       0x2c src/main.o
 .text.USART2_IRQHandler
                0x08000450       0xc8 src/main.o
                0x08000450                USART2_IRQHandler
 .text.odczyt   0x08000518       0x78 src/main.o
                0x08000518                odczyt
 .text.zapis    0x08000590       0x54 src/main.o
                0x08000590                zapis
 .text.ADC1_COMP_IRQHandler
                0x080005e4       0x58 src/main.o
                0x080005e4                ADC1_COMP_IRQHandler
 .text.TIM2_IRQHandler
                0x0800063c       0x64 src/main.o
                0x0800063c                TIM2_IRQHandler
 .text.T_number
                0x080006a0      0x230 src/main.o
                0x080006a0                T_number
 .text.N_number
                0x080008d0      0x14c src/main.o
                0x080008d0                N_number
 .text.main     0x08000a1c      0x508 src/main.o
                0x08000a1c                main
 .text.SysTick_Handler
                0x08000f24       0x12 src/stm32l0xx_it.o
                0x08000f24                SysTick_Handler
 *fill*         0x08000f36        0x2 
 .text.SystemInit
                0x08000f38       0x7c src/system_stm32l0xx.o
                0x08000f38                SystemInit
 .text.Reset_Handler
                0x08000fb4       0x50 startup/startup_stm32l053xx.o
                0x08000fb4                Reset_Handler
 .text.Default_Handler
                0x08001004        0x2 startup/startup_stm32l053xx.o
                0x08001004                TSC_IRQHandler
                0x08001004                HardFault_Handler
                0x08001004                PVD_IRQHandler
                0x08001004                PendSV_Handler
                0x08001004                NMI_Handler
                0x08001004                I2C1_IRQHandler
                0x08001004                RCC_CRS_IRQHandler
                0x08001004                SPI1_IRQHandler
                0x08001004                TIM6_DAC_IRQHandler
                0x08001004                EXTI2_3_IRQHandler
                0x08001004                I2C2_IRQHandler
                0x08001004                RTC_IRQHandler
                0x08001004                LCD_IRQHandler
                0x08001004                DMA1_Channel4_5_6_7_IRQHandler
                0x08001004                EXTI4_15_IRQHandler
                0x08001004                DMA1_Channel1_IRQHandler
                0x08001004                Default_Handler
                0x08001004                TIM22_IRQHandler
                0x08001004                EXTI0_1_IRQHandler
                0x08001004                USB_IRQHandler
                0x08001004                SPI2_IRQHandler
                0x08001004                SVC_Handler
                0x08001004                TIM21_IRQHandler
                0x08001004                WWDG_IRQHandler
                0x08001004                DMA1_Channel2_3_IRQHandler
                0x08001004                FLASH_IRQHandler
                0x08001004                USART1_IRQHandler
                0x08001004                RNG_LPUART1_IRQHandler
                0x08001004                LPTIM1_IRQHandler
 *fill*         0x08001006        0x2 
 .text.__libc_init_array
                0x08001008       0x48 c:/ac6/systemworkbench/plugins/fr.ac6.mcu.externaltools.arm-none.win32_1.17.0.201812190825/tools/compiler/bin/../lib/gcc/arm-none-eabi/7.3.1/../../../../arm-none-eabi/lib/thumb/v6-m\libc.a(lib_a-init.o)
                0x08001008                __libc_init_array
 .text.strlen   0x08001050       0x64 c:/ac6/systemworkbench/plugins/fr.ac6.mcu.externaltools.arm-none.win32_1.17.0.201812190825/tools/compiler/bin/../lib/gcc/arm-none-eabi/7.3.1/../../../../arm-none-eabi/lib/thumb/v6-m\libc.a(lib_a-strlen-stub.o)
                0x08001050                strlen
 .text.startup.register_fini
                0x080010b4       0x18 c:/ac6/systemworkbench/plugins/fr.ac6.mcu.externaltools.arm-none.win32_1.17.0.201812190825/tools/compiler/bin/../lib/gcc/arm-none-eabi/7.3.1/../../../../arm-none-eabi/lib/thumb/v6-m\libc.a(lib_a-__call_atexit.o)
 .text.atexit   0x080010cc       0x10 c:/ac6/systemworkbench/plugins/fr.ac6.mcu.externaltools.arm-none.win32_1.17.0.201812190825/tools/compiler/bin/../lib/gcc/arm-none-eabi/7.3.1/../../../../arm-none-eabi/lib/thumb/v6-m\libc.a(lib_a-atexit.o)
                0x080010cc                atexit
 .text.__libc_fini_array
                0x080010dc       0x34 c:/ac6/systemworkbench/plugins/fr.ac6.mcu.externaltools.arm-none.win32_1.17.0.201812190825/tools/compiler/bin/../lib/gcc/arm-none-eabi/7.3.1/../../../../arm-none-eabi/lib/thumb/v6-m\libc.a(lib_a-fini.o)
                0x080010dc                __libc_fini_array
 .text.__retarget_lock_acquire_recursive
                0x08001110        0x4 c:/ac6/systemworkbench/plugins/fr.ac6.mcu.externaltools.arm-none.win32_1.17.0.201812190825/tools/compiler/bin/../lib/gcc/arm-none-eabi/7.3.1/../../../../arm-none-eabi/lib/thumb/v6-m\libc.a(lib_a-lock.o)
                0x08001110                __retarget_lock_acquire_recursive
 .text.__retarget_lock_release_recursive
                0x08001114        0x4 c:/ac6/systemworkbench/plugins/fr.ac6.mcu.externaltools.arm-none.win32_1.17.0.201812190825/tools/compiler/bin/../lib/gcc/arm-none-eabi/7.3.1/../../../../arm-none-eabi/lib/thumb/v6-m\libc.a(lib_a-lock.o)
                0x08001114                __retarget_lock_release_recursive
 .text.__register_exitproc
                0x08001118       0xf4 c:/ac6/systemworkbench/plugins/fr.ac6.mcu.externaltools.arm-none.win32_1.17.0.201812190825/tools/compiler/bin/../lib/gcc/arm-none-eabi/7.3.1/../../../../arm-none-eabi/lib/thumb/v6-m\libc.a(lib_a-__atexit.o)
                0x08001118                __register_exitproc
 *(.glue_7)
 .glue_7        0x0800120c        0x0 linker stubs
 *(.glue_7t)
 .glue_7t       0x0800120c        0x0 linker stubs
 *(.eh_frame)
 .eh_frame      0x0800120c        0x0 c:/ac6/systemworkbench/plugins/fr.ac6.mcu.externaltools.arm-none.win32_1.17.0.201812190825/tools/compiler/bin/../lib/gcc/arm-none-eabi/7.3.1/thumb/v6-m/crtbegin.o
 *(.init)
 .init          0x0800120c        0x4 c:/ac6/systemworkbench/plugins/fr.ac6.mcu.externaltools.arm-none.win32_1.17.0.201812190825/tools/compiler/bin/../lib/gcc/arm-none-eabi/7.3.1/thumb/v6-m/crti.o
                0x0800120c                _init
 .init          0x08001210        0x8 c:/ac6/systemworkbench/plugins/fr.ac6.mcu.externaltools.arm-none.win32_1.17.0.201812190825/tools/compiler/bin/../lib/gcc/arm-none-eabi/7.3.1/thumb/v6-m/crtn.o
 *(.fini)
 .fini          0x08001218        0x4 c:/ac6/systemworkbench/plugins/fr.ac6.mcu.externaltools.arm-none.win32_1.17.0.201812190825/tools/compiler/bin/../lib/gcc/arm-none-eabi/7.3.1/thumb/v6-m/crti.o
                0x08001218                _fini
 .fini          0x0800121c        0x8 c:/ac6/systemworkbench/plugins/fr.ac6.mcu.externaltools.arm-none.win32_1.17.0.201812190825/tools/compiler/bin/../lib/gcc/arm-none-eabi/7.3.1/thumb/v6-m/crtn.o
                0x08001224                . = ALIGN (0x4)
                0x08001224                _etext = .

.vfp11_veneer   0x08001224        0x0
 .vfp11_veneer  0x08001224        0x0 linker stubs

.v4_bx          0x08001224        0x0
 .v4_bx         0x08001224        0x0 linker stubs

.iplt           0x08001224        0x0
 .iplt          0x08001224        0x0 c:/ac6/systemworkbench/plugins/fr.ac6.mcu.externaltools.arm-none.win32_1.17.0.201812190825/tools/compiler/bin/../lib/gcc/arm-none-eabi/7.3.1/thumb/v6-m/crtbegin.o

.rodata         0x08001224        0x4
                0x08001224                . = ALIGN (0x4)
 *(.rodata)
 *(.rodata*)
 .rodata._global_impure_ptr
                0x08001224        0x4 c:/ac6/systemworkbench/plugins/fr.ac6.mcu.externaltools.arm-none.win32_1.17.0.201812190825/tools/compiler/bin/../lib/gcc/arm-none-eabi/7.3.1/../../../../arm-none-eabi/lib/thumb/v6-m\libc.a(lib_a-impure.o)
                0x08001224                _global_impure_ptr
                0x08001228                . = ALIGN (0x4)

.rel.dyn        0x08001228        0x0
 .rel.iplt      0x08001228        0x0 c:/ac6/systemworkbench/plugins/fr.ac6.mcu.externaltools.arm-none.win32_1.17.0.201812190825/tools/compiler/bin/../lib/gcc/arm-none-eabi/7.3.1/thumb/v6-m/crtbegin.o

.ARM.extab
 *(.ARM.extab* .gnu.linkonce.armextab.*)

.ARM            0x08001228        0x0
                0x08001228                __exidx_start = .
 *(.ARM.exidx*)
                0x08001228                __exidx_end = .

.preinit_array  0x08001228        0x0
                0x08001228                PROVIDE (__preinit_array_start = .)
 *(.preinit_array*)
                0x08001228                PROVIDE (__preinit_array_end = .)

.init_array     0x08001228        0x8
                0x08001228                PROVIDE (__init_array_start = .)
 *(SORT_BY_NAME(.init_array.*))
 .init_array.00000
                0x08001228        0x4 c:/ac6/systemworkbench/plugins/fr.ac6.mcu.externaltools.arm-none.win32_1.17.0.201812190825/tools/compiler/bin/../lib/gcc/arm-none-eabi/7.3.1/../../../../arm-none-eabi/lib/thumb/v6-m\libc.a(lib_a-__call_atexit.o)
 *(.init_array*)
 .init_array    0x0800122c        0x4 c:/ac6/systemworkbench/plugins/fr.ac6.mcu.externaltools.arm-none.win32_1.17.0.201812190825/tools/compiler/bin/../lib/gcc/arm-none-eabi/7.3.1/thumb/v6-m/crtbegin.o
                0x08001230                PROVIDE (__init_array_end = .)

.fini_array     0x08001230        0x4
                0x08001230                PROVIDE (__fini_array_start = .)
 *(SORT_BY_NAME(.fini_array.*))
 *(.fini_array*)
 .fini_array    0x08001230        0x4 c:/ac6/systemworkbench/plugins/fr.ac6.mcu.externaltools.arm-none.win32_1.17.0.201812190825/tools/compiler/bin/../lib/gcc/arm-none-eabi/7.3.1/thumb/v6-m/crtbegin.o
                0x08001234                PROVIDE (__fini_array_end = .)
                0x08001234                _sidata = LOADADDR (.data)

.data           0x20000000      0x444 load address 0x08001234
                0x20000000                . = ALIGN (0x4)
                0x20000000                _sdata = .
 *(.data)
 .data          0x20000000       0x14 src/main.o
                0x20000000                command_T
                0x20000001                command_N
                0x20000002                command_space
                0x20000003                command_zero
                0x20000004                g_txBuf
                0x20000013                time_check
 *(.data*)
 *fill*         0x20000014        0x4 
 .data.impure_data
                0x20000018      0x428 c:/ac6/systemworkbench/plugins/fr.ac6.mcu.externaltools.arm-none.win32_1.17.0.201812190825/tools/compiler/bin/../lib/gcc/arm-none-eabi/7.3.1/../../../../arm-none-eabi/lib/thumb/v6-m\libc.a(lib_a-impure.o)
 .data.__atexit_recursive_mutex
                0x20000440        0x4 c:/ac6/systemworkbench/plugins/fr.ac6.mcu.externaltools.arm-none.win32_1.17.0.201812190825/tools/compiler/bin/../lib/gcc/arm-none-eabi/7.3.1/../../../../arm-none-eabi/lib/thumb/v6-m\libc.a(lib_a-__call_atexit.o)
                0x20000440                __atexit_recursive_mutex
                0x20000444                . = ALIGN (0x4)
                0x20000444                _edata = .

.igot.plt       0x20000444        0x0 load address 0x08001678
 .igot.plt      0x20000444        0x0 c:/ac6/systemworkbench/plugins/fr.ac6.mcu.externaltools.arm-none.win32_1.17.0.201812190825/tools/compiler/bin/../lib/gcc/arm-none-eabi/7.3.1/thumb/v6-m/crtbegin.o
                0x20000444                . = ALIGN (0x4)

.bss            0x20000444       0xf8 load address 0x08001678
                0x20000444                _sbss = .
                0x20000444                __bss_start__ = _sbss
 *(.bss)
 .bss           0x20000444       0x1c c:/ac6/systemworkbench/plugins/fr.ac6.mcu.externaltools.arm-none.win32_1.17.0.201812190825/tools/compiler/bin/../lib/gcc/arm-none-eabi/7.3.1/thumb/v6-m/crtbegin.o
 .bss           0x20000460       0x32 src/main.o
                0x20000460                temp
                0x20000461                which_command
                0x20000464                T_values
                0x20000468                N_values
                0x2000046c                N_flag
                0x20000470                T_flag
                0x20000474                g_rxData
                0x20000479                g_rxFlag
                0x2000047c                g_txSize
                0x20000480                g_txTransmitted
                0x20000484                temperature
                0x2000048b                recived
                0x2000048c                msg_flag
                0x2000048d                T_zero_flag
                0x2000048e                g_dataCount
                0x2000048f                g_dataFlag
                0x20000490                head
                0x20000491                tail
 *(.bss*)
 *(COMMON)
 *fill*         0x20000492        0x2 
 COMMON         0x20000494        0x4 HAL_Driver/Src/stm32l0xx_hal.o
                0x20000494                uwTick
 COMMON         0x20000498       0x80 src/main.o
                0x20000498                g_data
 COMMON         0x20000518       0x21 c:/ac6/systemworkbench/plugins/fr.ac6.mcu.externaltools.arm-none.win32_1.17.0.201812190825/tools/compiler/bin/../lib/gcc/arm-none-eabi/7.3.1/../../../../arm-none-eabi/lib/thumb/v6-m\libc.a(lib_a-lock.o)
                0x20000518                __lock___atexit_recursive_mutex
                0x2000051c                __lock___arc4random_mutex
                0x20000520                __lock___env_recursive_mutex
                0x20000524                __lock___sinit_recursive_mutex
                0x20000528                __lock___malloc_recursive_mutex
                0x2000052c                __lock___at_quick_exit_mutex
                0x20000530                __lock___dd_hash_mutex
                0x20000534                __lock___tz_mutex
                0x20000538                __lock___sfp_recursive_mutex
                0x2000053c                . = ALIGN (0x4)
 *fill*         0x20000539        0x3 
                0x2000053c                _ebss = .
                0x2000053c                __bss_end__ = _ebss

._user_heap_stack
                0x2000053c      0x604 load address 0x08001678
                0x20000540                . = ALIGN (0x8)
 *fill*         0x2000053c        0x4 
                0x20000540                PROVIDE (end = .)
                [!provide]                PROVIDE (_end = .)
                0x20000740                . = (. + _Min_Heap_Size)
 *fill*         0x20000540      0x200 
                0x20000b40                . = (. + _Min_Stack_Size)
 *fill*         0x20000740      0x400 
                0x20000b40                . = ALIGN (0x8)

/DISCARD/
 libc.a(*)
 libm.a(*)
 libgcc.a(*)

.ARM.attributes
                0x00000000       0x28
 *(.ARM.attributes)
 .ARM.attributes
                0x00000000       0x1e c:/ac6/systemworkbench/plugins/fr.ac6.mcu.externaltools.arm-none.win32_1.17.0.201812190825/tools/compiler/bin/../lib/gcc/arm-none-eabi/7.3.1/thumb/v6-m/crti.o
 .ARM.attributes
                0x0000001e       0x2c c:/ac6/systemworkbench/plugins/fr.ac6.mcu.externaltools.arm-none.win32_1.17.0.201812190825/tools/compiler/bin/../lib/gcc/arm-none-eabi/7.3.1/thumb/v6-m/crtbegin.o
 .ARM.attributes
                0x0000004a       0x32 HAL_Driver/Src/stm32l0xx_hal.o
 .ARM.attributes
                0x0000007c       0x32 HAL_Driver/Src/stm32l0xx_hal_cortex.o
 .ARM.attributes
                0x000000ae       0x32 src/main.o
 .ARM.attributes
                0x000000e0       0x32 src/stm32l0xx_it.o
 .ARM.attributes
                0x00000112       0x32 src/system_stm32l0xx.o
 .ARM.attributes
                0x00000144       0x22 startup/startup_stm32l053xx.o
 .ARM.attributes
                0x00000166       0x1e c:/ac6/systemworkbench/plugins/fr.ac6.mcu.externaltools.arm-none.win32_1.17.0.201812190825/tools/compiler/bin/../lib/gcc/arm-none-eabi/7.3.1/thumb/v6-m\libgcc.a(_udivsi3.o)
 .ARM.attributes
                0x00000184       0x1e c:/ac6/systemworkbench/plugins/fr.ac6.mcu.externaltools.arm-none.win32_1.17.0.201812190825/tools/compiler/bin/../lib/gcc/arm-none-eabi/7.3.1/thumb/v6-m\libgcc.a(_divsi3.o)
 .ARM.attributes
                0x000001a2       0x1e c:/ac6/systemworkbench/plugins/fr.ac6.mcu.externaltools.arm-none.win32_1.17.0.201812190825/tools/compiler/bin/../lib/gcc/arm-none-eabi/7.3.1/thumb/v6-m\libgcc.a(_dvmd_tls.o)
 .ARM.attributes
                0x000001c0       0x2c c:/ac6/systemworkbench/plugins/fr.ac6.mcu.externaltools.arm-none.win32_1.17.0.201812190825/tools/compiler/bin/../lib/gcc/arm-none-eabi/7.3.1/../../../../arm-none-eabi/lib/thumb/v6-m\libc.a(lib_a-impure.o)
 .ARM.attributes
                0x000001ec       0x2c c:/ac6/systemworkbench/plugins/fr.ac6.mcu.externaltools.arm-none.win32_1.17.0.201812190825/tools/compiler/bin/../lib/gcc/arm-none-eabi/7.3.1/../../../../arm-none-eabi/lib/thumb/v6-m\libc.a(lib_a-init.o)
 .ARM.attributes
                0x00000218       0x2c c:/ac6/systemworkbench/plugins/fr.ac6.mcu.externaltools.arm-none.win32_1.17.0.201812190825/tools/compiler/bin/../lib/gcc/arm-none-eabi/7.3.1/../../../../arm-none-eabi/lib/thumb/v6-m\libc.a(lib_a-strlen-stub.o)
 .ARM.attributes
                0x00000244       0x2c c:/ac6/systemworkbench/plugins/fr.ac6.mcu.externaltools.arm-none.win32_1.17.0.201812190825/tools/compiler/bin/../lib/gcc/arm-none-eabi/7.3.1/../../../../arm-none-eabi/lib/thumb/v6-m\libc.a(lib_a-__call_atexit.o)
 .ARM.attributes
                0x00000270       0x2c c:/ac6/systemworkbench/plugins/fr.ac6.mcu.externaltools.arm-none.win32_1.17.0.201812190825/tools/compiler/bin/../lib/gcc/arm-none-eabi/7.3.1/../../../../arm-none-eabi/lib/thumb/v6-m\libc.a(lib_a-atexit.o)
 .ARM.attributes
                0x0000029c       0x2c c:/ac6/systemworkbench/plugins/fr.ac6.mcu.externaltools.arm-none.win32_1.17.0.201812190825/tools/compiler/bin/../lib/gcc/arm-none-eabi/7.3.1/../../../../arm-none-eabi/lib/thumb/v6-m\libc.a(lib_a-fini.o)
 .ARM.attributes
                0x000002c8       0x2c c:/ac6/systemworkbench/plugins/fr.ac6.mcu.externaltools.arm-none.win32_1.17.0.201812190825/tools/compiler/bin/../lib/gcc/arm-none-eabi/7.3.1/../../../../arm-none-eabi/lib/thumb/v6-m\libc.a(lib_a-lock.o)
 .ARM.attributes
                0x000002f4       0x2c c:/ac6/systemworkbench/plugins/fr.ac6.mcu.externaltools.arm-none.win32_1.17.0.201812190825/tools/compiler/bin/../lib/gcc/arm-none-eabi/7.3.1/../../../../arm-none-eabi/lib/thumb/v6-m\libc.a(lib_a-__atexit.o)
 .ARM.attributes
                0x00000320       0x1e c:/ac6/systemworkbench/plugins/fr.ac6.mcu.externaltools.arm-none.win32_1.17.0.201812190825/tools/compiler/bin/../lib/gcc/arm-none-eabi/7.3.1/thumb/v6-m/crtn.o
OUTPUT(projekt2.elf elf32-littlearm)

.debug_info     0x00000000     0x2941
 .debug_info    0x00000000      0x7ab HAL_Driver/Src/stm32l0xx_hal.o
 .debug_info    0x000007ab      0x8cd HAL_Driver/Src/stm32l0xx_hal_cortex.o
 .debug_info    0x00001078     0x13e2 src/main.o
 .debug_info    0x0000245a      0x135 src/stm32l0xx_it.o
 .debug_info    0x0000258f      0x390 src/system_stm32l0xx.o
 .debug_info    0x0000291f       0x22 startup/startup_stm32l053xx.o

.debug_abbrev   0x00000000      0x963
 .debug_abbrev  0x00000000      0x219 HAL_Driver/Src/stm32l0xx_hal.o
 .debug_abbrev  0x00000219      0x261 HAL_Driver/Src/stm32l0xx_hal_cortex.o
 .debug_abbrev  0x0000047a      0x332 src/main.o
 .debug_abbrev  0x000007ac       0x94 src/stm32l0xx_it.o
 .debug_abbrev  0x00000840      0x111 src/system_stm32l0xx.o
 .debug_abbrev  0x00000951       0x12 startup/startup_stm32l053xx.o

.debug_aranges  0x00000000      0x2a0
 .debug_aranges
                0x00000000       0xf8 HAL_Driver/Src/stm32l0xx_hal.o
 .debug_aranges
                0x000000f8       0xd8 HAL_Driver/Src/stm32l0xx_hal_cortex.o
 .debug_aranges
                0x000001d0       0x60 src/main.o
 .debug_aranges
                0x00000230       0x20 src/stm32l0xx_it.o
 .debug_aranges
                0x00000250       0x28 src/system_stm32l0xx.o
 .debug_aranges
                0x00000278       0x28 startup/startup_stm32l053xx.o

.debug_ranges   0x00000000      0x248
 .debug_ranges  0x00000000       0xe8 HAL_Driver/Src/stm32l0xx_hal.o
 .debug_ranges  0x000000e8       0xc8 HAL_Driver/Src/stm32l0xx_hal_cortex.o
 .debug_ranges  0x000001b0       0x50 src/main.o
 .debug_ranges  0x00000200       0x10 src/stm32l0xx_it.o
 .debug_ranges  0x00000210       0x18 src/system_stm32l0xx.o
 .debug_ranges  0x00000228       0x20 startup/startup_stm32l053xx.o

.debug_macro    0x00000000    0x16096
 .debug_macro   0x00000000      0x2f6 HAL_Driver/Src/stm32l0xx_hal.o
 .debug_macro   0x000002f6      0xa60 HAL_Driver/Src/stm32l0xx_hal.o
 .debug_macro   0x00000d56      0x10f HAL_Driver/Src/stm32l0xx_hal.o
 .debug_macro   0x00000e65       0x28 HAL_Driver/Src/stm32l0xx_hal.o
 .debug_macro   0x00000e8d       0x28 HAL_Driver/Src/stm32l0xx_hal.o
 .debug_macro   0x00000eb5       0x22 HAL_Driver/Src/stm32l0xx_hal.o
 .debug_macro   0x00000ed7       0x8e HAL_Driver/Src/stm32l0xx_hal.o
 .debug_macro   0x00000f65       0x51 HAL_Driver/Src/stm32l0xx_hal.o
 .debug_macro   0x00000fb6       0xef HAL_Driver/Src/stm32l0xx_hal.o
 .debug_macro   0x000010a5       0x6a HAL_Driver/Src/stm32l0xx_hal.o
 .debug_macro   0x0000110f      0x1df HAL_Driver/Src/stm32l0xx_hal.o
 .debug_macro   0x000012ee       0x34 HAL_Driver/Src/stm32l0xx_hal.o
 .debug_macro   0x00001322       0x26 HAL_Driver/Src/stm32l0xx_hal.o
 .debug_macro   0x00001348      0x44f HAL_Driver/Src/stm32l0xx_hal.o
 .debug_macro   0x00001797     0x9d0d HAL_Driver/Src/stm32l0xx_hal.o
 .debug_macro   0x0000b4a4       0x3c HAL_Driver/Src/stm32l0xx_hal.o
 .debug_macro   0x0000b4e0     0x352c HAL_Driver/Src/stm32l0xx_hal.o
 .debug_macro   0x0000ea0c      0x174 HAL_Driver/Src/stm32l0xx_hal.o
 .debug_macro   0x0000eb80       0x5b HAL_Driver/Src/stm32l0xx_hal.o
 .debug_macro   0x0000ebdb      0x8d6 HAL_Driver/Src/stm32l0xx_hal.o
 .debug_macro   0x0000f4b1      0x9d2 HAL_Driver/Src/stm32l0xx_hal.o
 .debug_macro   0x0000fe83      0x13f HAL_Driver/Src/stm32l0xx_hal.o
 .debug_macro   0x0000ffc2      0x17d HAL_Driver/Src/stm32l0xx_hal.o
 .debug_macro   0x0001013f      0x28e HAL_Driver/Src/stm32l0xx_hal.o
 .debug_macro   0x000103cd      0x1e9 HAL_Driver/Src/stm32l0xx_hal.o
 .debug_macro   0x000105b6      0x4ef HAL_Driver/Src/stm32l0xx_hal.o
 .debug_macro   0x00010aa5       0x65 HAL_Driver/Src/stm32l0xx_hal.o
 .debug_macro   0x00010b0a      0x24e HAL_Driver/Src/stm32l0xx_hal.o
 .debug_macro   0x00010d58       0xd5 HAL_Driver/Src/stm32l0xx_hal.o
 .debug_macro   0x00010e2d       0x4c HAL_Driver/Src/stm32l0xx_hal.o
 .debug_macro   0x00010e79       0xf1 HAL_Driver/Src/stm32l0xx_hal.o
 .debug_macro   0x00010f6a       0xa0 HAL_Driver/Src/stm32l0xx_hal.o
 .debug_macro   0x0001100a      0x129 HAL_Driver/Src/stm32l0xx_hal.o
 .debug_macro   0x00011133      0x2b4 HAL_Driver/Src/stm32l0xx_hal.o
 .debug_macro   0x000113e7      0x22c HAL_Driver/Src/stm32l0xx_hal.o
 .debug_macro   0x00011613       0x5b HAL_Driver/Src/stm32l0xx_hal.o
 .debug_macro   0x0001166e       0xa5 HAL_Driver/Src/stm32l0xx_hal.o
 .debug_macro   0x00011713      0x1a0 HAL_Driver/Src/stm32l0xx_hal.o
 .debug_macro   0x000118b3       0x85 HAL_Driver/Src/stm32l0xx_hal.o
 .debug_macro   0x00011938      0x3f4 HAL_Driver/Src/stm32l0xx_hal.o
 .debug_macro   0x00011d2c      0x25c HAL_Driver/Src/stm32l0xx_hal.o
 .debug_macro   0x00011f88      0x187 HAL_Driver/Src/stm32l0xx_hal.o
 .debug_macro   0x0001210f       0x16 HAL_Driver/Src/stm32l0xx_hal.o
 .debug_macro   0x00012125       0x8f HAL_Driver/Src/stm32l0xx_hal.o
 .debug_macro   0x000121b4      0x30c HAL_Driver/Src/stm32l0xx_hal.o
 .debug_macro   0x000124c0      0x3ee HAL_Driver/Src/stm32l0xx_hal.o
 .debug_macro   0x000128ae       0xdd HAL_Driver/Src/stm32l0xx_hal.o
 .debug_macro   0x0001298b      0x22c HAL_Driver/Src/stm32l0xx_hal.o
 .debug_macro   0x00012bb7      0x734 HAL_Driver/Src/stm32l0xx_hal.o
 .debug_macro   0x000132eb       0xcc HAL_Driver/Src/stm32l0xx_hal.o
 .debug_macro   0x000133b7      0x57b HAL_Driver/Src/stm32l0xx_hal.o
 .debug_macro   0x00013932       0x44 HAL_Driver/Src/stm32l0xx_hal.o
 .debug_macro   0x00013976      0x279 HAL_Driver/Src/stm32l0xx_hal.o
 .debug_macro   0x00013bef       0x30 HAL_Driver/Src/stm32l0xx_hal.o
 .debug_macro   0x00013c1f      0x2b8 HAL_Driver/Src/stm32l0xx_hal.o
 .debug_macro   0x00013ed7       0x30 HAL_Driver/Src/stm32l0xx_hal.o
 .debug_macro   0x00013f07      0x2bf HAL_Driver/Src/stm32l0xx_hal.o
 .debug_macro   0x000141c6      0x11d HAL_Driver/Src/stm32l0xx_hal.o
 .debug_macro   0x000142e3      0x353 HAL_Driver/Src/stm32l0xx_hal.o
 .debug_macro   0x00014636       0x8d HAL_Driver/Src/stm32l0xx_hal.o
 .debug_macro   0x000146c3       0x57 HAL_Driver/Src/stm32l0xx_hal.o
 .debug_macro   0x0001471a      0x25e HAL_Driver/Src/stm32l0xx_hal.o
 .debug_macro   0x00014978      0x163 HAL_Driver/Src/stm32l0xx_hal.o
 .debug_macro   0x00014adb      0x2d2 HAL_Driver/Src/stm32l0xx_hal_cortex.o
 .debug_macro   0x00014dad      0x3a3 src/main.o
 .debug_macro   0x00015150       0x58 src/main.o
 .debug_macro   0x000151a8       0x18 src/main.o
 .debug_macro   0x000151c0       0x94 src/main.o
 .debug_macro   0x00015254       0x35 src/main.o
 .debug_macro   0x00015289       0x34 src/main.o
 .debug_macro   0x000152bd       0x57 src/main.o
 .debug_macro   0x00015314       0x58 src/main.o
 .debug_macro   0x0001536c       0x1f src/main.o
 .debug_macro   0x0001538b       0x43 src/main.o
 .debug_macro   0x000153ce       0x20 src/main.o
 .debug_macro   0x000153ee      0x18e src/main.o
 .debug_macro   0x0001557c      0x330 src/main.o
 .debug_macro   0x000158ac       0x10 src/main.o
 .debug_macro   0x000158bc       0x35 src/main.o
 .debug_macro   0x000158f1       0x55 src/main.o
 .debug_macro   0x00015946      0x19c src/main.o
 .debug_macro   0x00015ae2      0x2dc src/stm32l0xx_it.o
 .debug_macro   0x00015dbe      0x2d8 src/system_stm32l0xx.o

.debug_line     0x00000000     0x3858
 .debug_line    0x00000000      0xb9b HAL_Driver/Src/stm32l0xx_hal.o
 .debug_line    0x00000b9b      0xbc8 HAL_Driver/Src/stm32l0xx_hal_cortex.o
 .debug_line    0x00001763      0xcb0 src/main.o
 .debug_line    0x00002413      0x9f7 src/stm32l0xx_it.o
 .debug_line    0x00002e0a      0x9cb src/system_stm32l0xx.o
 .debug_line    0x000037d5       0x83 startup/startup_stm32l053xx.o

.debug_str      0x00000000    0x999a5
 .debug_str     0x00000000    0x95cc2 HAL_Driver/Src/stm32l0xx_hal.o
                              0x960fc (size before relaxing)
 .debug_str     0x00095cc2      0x2f8 HAL_Driver/Src/stm32l0xx_hal_cortex.o
                              0x95f3f (size before relaxing)
 .debug_str     0x00095fba     0x3912 src/main.o
                              0x99659 (size before relaxing)
 .debug_str     0x000998cc       0x38 src/stm32l0xx_it.o
                              0x95a09 (size before relaxing)
 .debug_str     0x00099904       0x72 src/system_stm32l0xx.o
                              0x95b0a (size before relaxing)
 .debug_str     0x00099976       0x2f startup/startup_stm32l053xx.o
                                 0x8a (size before relaxing)

.comment        0x00000000       0x7f
 .comment       0x00000000       0x7f HAL_Driver/Src/stm32l0xx_hal.o
                                 0x80 (size before relaxing)
 .comment       0x0000007f       0x80 HAL_Driver/Src/stm32l0xx_hal_cortex.o
 .comment       0x0000007f       0x80 src/main.o
 .comment       0x0000007f       0x80 src/stm32l0xx_it.o
 .comment       0x0000007f       0x80 src/system_stm32l0xx.o

.debug_frame    0x00000000      0x9f4
 .debug_frame   0x00000000      0x338 HAL_Driver/Src/stm32l0xx_hal.o
 .debug_frame   0x00000338      0x2fc HAL_Driver/Src/stm32l0xx_hal_cortex.o
 .debug_frame   0x00000634      0x120 src/main.o
 .debug_frame   0x00000754       0x2c src/stm32l0xx_it.o
 .debug_frame   0x00000780       0x4c src/system_stm32l0xx.o
 .debug_frame   0x000007cc       0x20 c:/ac6/systemworkbench/plugins/fr.ac6.mcu.externaltools.arm-none.win32_1.17.0.201812190825/tools/compiler/bin/../lib/gcc/arm-none-eabi/7.3.1/thumb/v6-m\libgcc.a(_udivsi3.o)
 .debug_frame   0x000007ec       0x20 c:/ac6/systemworkbench/plugins/fr.ac6.mcu.externaltools.arm-none.win32_1.17.0.201812190825/tools/compiler/bin/../lib/gcc/arm-none-eabi/7.3.1/thumb/v6-m\libgcc.a(_divsi3.o)
 .debug_frame   0x0000080c       0x2c c:/ac6/systemworkbench/plugins/fr.ac6.mcu.externaltools.arm-none.win32_1.17.0.201812190825/tools/compiler/bin/../lib/gcc/arm-none-eabi/7.3.1/../../../../arm-none-eabi/lib/thumb/v6-m\libc.a(lib_a-init.o)
 .debug_frame   0x00000838       0x28 c:/ac6/systemworkbench/plugins/fr.ac6.mcu.externaltools.arm-none.win32_1.17.0.201812190825/tools/compiler/bin/../lib/gcc/arm-none-eabi/7.3.1/../../../../arm-none-eabi/lib/thumb/v6-m\libc.a(lib_a-strlen-stub.o)
 .debug_frame   0x00000860       0x54 c:/ac6/systemworkbench/plugins/fr.ac6.mcu.externaltools.arm-none.win32_1.17.0.201812190825/tools/compiler/bin/../lib/gcc/arm-none-eabi/7.3.1/../../../../arm-none-eabi/lib/thumb/v6-m\libc.a(lib_a-__call_atexit.o)
 .debug_frame   0x000008b4       0x28 c:/ac6/systemworkbench/plugins/fr.ac6.mcu.externaltools.arm-none.win32_1.17.0.201812190825/tools/compiler/bin/../lib/gcc/arm-none-eabi/7.3.1/../../../../arm-none-eabi/lib/thumb/v6-m\libc.a(lib_a-atexit.o)
 .debug_frame   0x000008dc       0x2c c:/ac6/systemworkbench/plugins/fr.ac6.mcu.externaltools.arm-none.win32_1.17.0.201812190825/tools/compiler/bin/../lib/gcc/arm-none-eabi/7.3.1/../../../../arm-none-eabi/lib/thumb/v6-m\libc.a(lib_a-fini.o)
 .debug_frame   0x00000908       0xb0 c:/ac6/systemworkbench/plugins/fr.ac6.mcu.externaltools.arm-none.win32_1.17.0.201812190825/tools/compiler/bin/../lib/gcc/arm-none-eabi/7.3.1/../../../../arm-none-eabi/lib/thumb/v6-m\libc.a(lib_a-lock.o)
 .debug_frame   0x000009b8       0x3c c:/ac6/systemworkbench/plugins/fr.ac6.mcu.externaltools.arm-none.win32_1.17.0.201812190825/tools/compiler/bin/../lib/gcc/arm-none-eabi/7.3.1/../../../../arm-none-eabi/lib/thumb/v6-m\libc.a(lib_a-__atexit.o)
